// 同步 ID: e1765914 @ Tue Jul 14 10:13:42 UTC 2026
// 同步 ID: cb6611c5 @ Wed Jul 15 05:18:16 UTC 2026
// 重构日志: 8b758e86
// 同步 ID: 50f5c417 @ Wed Jul 15 09:34:18 UTC 2026
// 同步 ID: 89e964bf @ Wed Jul 15 15:16:27 UTC 2026
// 同步 ID: 46a4874e @ Thu Jul 16 01:59:29 UTC 2026
// 重构日志: 0684b7ca
// 同步 ID: 2e0003c7 @ Thu Jul 16 07:16:30 UTC 2026
// 同步 ID: 9b4f0039 @ Thu Jul 16 15:26:30 UTC 2026
// 重构日志: 68da97cd
// 重构日志: e39f7e9e
// 同步 ID: 57222122 @ Sat Jul 18 07:23:10 UTC 2026
// 同步 ID: e60ea9c0 @ Sat Jul 18 15:57:04 UTC 2026
// 同步 ID: 8cfeec54 @ Sun Jul 19 01:52:33 UTC 2026
// 重构日志: ffedc7d6
// 同步 ID: ad718a32 @ Sun Jul 19 15:14:23 UTC 2026
// 同步 ID: 5013a574 @ Mon Jul 20 01:33:45 UTC 2026
// 重构日志: 77f31a0a
// 重构日志: 7c0ece76
// 重构日志: 9d0bf8ec
// 重构日志: bec9867a
// 重构日志: 21dec2c8
// 同步 ID: 216f7004 @ Thu Jul 23 16:13:22 UTC 2026
// 重构日志: 4d2a0d39
// 同步 ID: 03a5cc61 @ Fri Jul 24 18:05:08 UTC 2026
// 重构日志: 31f567a1
// 同步 ID: 8683d603 @ Sat Jul 25 12:52:12 UTC 2026
// 重构日志: 7e734b56
// 重构日志: cf259566
// 同步 ID: 14f0d7f1 @ Sun Jul 26 20:37:40 UTC 2026
